warning: Git tree '/home/jeffreyyyy/nixos' is dirty
these 11 derivations will be built:
  /nix/store/a5s5knaram3a3yw28x5a0whn3qivvlcj-home-manager-path.drv
  /nix/store/b9ln8fswylq0fkrnijndmhsw36i6r0ba-mullvad-vpn-2026.3-fish-completions.drv
  /nix/store/ii7fa2drfza25z6am8xpsqblk8zkfbfw-calyx-vpn-0.24.8-fish-completions.drv
  /nix/store/ssa4imd6fkx5lm04cz58ymd941s955vn-amnezia-vpn-4.8.15.4-fish-completions.drv
  /nix/store/b4l42szw2vn8illsw87qqa1f0ll62cig-jeffreyyyy-fish-completions.drv
  /nix/store/c1fh0gl3cwzns9if29a28fpzpffjb6c8-man-paths.drv
  /nix/store/kimwg75dlzxjizambn4051dd9y70dwq8-man-cache.drv
  /nix/store/i30xn3pzp2p5j84rx2izvj040waw1fqh-hm_.manpath.drv
  /nix/store/ivvbd2jqkyasym4z2lbmwhnf97yv57ca-activation-script.drv
  /nix/store/pidyzq7c719nk114f53ql05dfb7hi26p-home-manager-files.drv
  /nix/store/k8w00ykqrbgjac76i4fmv8wwip9lwis1-home-manager-generation.drv
these 5 paths will be fetched (176.5 MiB download, 490.4 MiB unpacked):
  /nix/store/f83cdf7p7ph6cybh4v9q7mpz8csn5jjr-Cloak-2.12.0
  /nix/store/niddj3gncg1qg6w8s0gq72b20gycizid-amnezia-vpn-4.8.15.4
  /nix/store/93h9j4wxcffinm5sycnjqr0m1ancvg02-calyx-vpn-0.24.8
  /nix/store/4dvgrrwp43jq51r56y7c63rv10z5q3pc-mullvad-vpn-2026.3
  /nix/store/3z3ppwnq90w1n71v1db1z7jw89s7qlnr-shadowsocks-rust-1.24.0
copying path '/nix/store/93h9j4wxcffinm5sycnjqr0m1ancvg02-calyx-vpn-0.24.8' from 'https://cache.nixos.org'...
copying path '/nix/store/4dvgrrwp43jq51r56y7c63rv10z5q3pc-mullvad-vpn-2026.3' from 'https://cache.nixos.org'...
copying path '/nix/store/f83cdf7p7ph6cybh4v9q7mpz8csn5jjr-Cloak-2.12.0' from 'https://cache.nixos.org'...
copying path '/nix/store/3z3ppwnq90w1n71v1db1z7jw89s7qlnr-shadowsocks-rust-1.24.0' from 'https://cache.nixos.org'...
building '/nix/store/ii7fa2drfza25z6am8xpsqblk8zkfbfw-calyx-vpn-0.24.8-fish-completions.drv'...
copying path '/nix/store/niddj3gncg1qg6w8s0gq72b20gycizid-amnezia-vpn-4.8.15.4' from 'https://cache.nixos.org'...
building '/nix/store/ssa4imd6fkx5lm04cz58ymd941s955vn-amnezia-vpn-4.8.15.4-fish-completions.drv'...
building '/nix/store/a5s5knaram3a3yw28x5a0whn3qivvlcj-home-manager-path.drv'...
building '/nix/store/c1fh0gl3cwzns9if29a28fpzpffjb6c8-man-paths.drv'...
building '/nix/store/b9ln8fswylq0fkrnijndmhsw36i6r0ba-mullvad-vpn-2026.3-fish-completions.drv'...
building '/nix/store/b4l42szw2vn8illsw87qqa1f0ll62cig-jeffreyyyy-fish-completions.drv'...
building '/nix/store/kimwg75dlzxjizambn4051dd9y70dwq8-man-cache.drv'...
building '/nix/store/ivvbd2jqkyasym4z2lbmwhnf97yv57ca-activation-script.drv'...
building '/nix/store/i30xn3pzp2p5j84rx2izvj040waw1fqh-hm_.manpath.drv'...
building '/nix/store/pidyzq7c719nk114f53ql05dfb7hi26p-home-manager-files.drv'...
building '/nix/store/k8w00ykqrbgjac76i4fmv8wwip9lwis1-home-manager-generation.drv'...
